
> smartutor@0.1.0 build
> next build

npm : [baseline-browser
-mapping] The data in 
this module is over 
two months old.  To 
ensure accurate 
Baseline data, please 
update: `npm i baseline
-browser-mapping@latest
 -D`
At line:1 char:1
+ npm run build > 
build_output.log 2>&1 
; type build_output.log
+ ~~~~~~~~~~~~~~~~~~~~~
~~~~~~~~~~~~~~~~
    + CategoryInfo     
         : NotSpecifi  
  ed: ([baseline-bro   
 ws...ping@latest -    
D`:String) [], Rem    
oteException
    + FullyQualifiedEr 
   rorId : NativeComm  
  andError
 
 ΓÜá `eslint` 
configuration in 
next.config.js is no 
longer supported. See 
more info here: https:/
/nextjs.org/docs/app/ap
i-reference/cli/next#ne
xt-lint-options
 ΓÜá Invalid 
next.config.js options 
detected: 
 ΓÜá     Unrecognized 
key(s) in object: 'serv
erComponentsExternalPac
kages' at 
"experimental"
 ΓÜá     Unrecognized 
key(s) in object: 
'eslint'
 ΓÜá See more info 
here: https://nextjs.or
g/docs/messages/invalid
-next-config
 ΓÜá `experimental.serv
erComponentsExternalPac
kages` has been moved 
to `serverExternalPacka
ges`. Please update 
your next.config.js 
file accordingly.
 ΓÜá Warning: Next.js 
inferred your 
workspace root, but it 
may not be correct.
 We detected multiple 
lockfiles and selected 
the directory of C:\Use
rs\sanka\package-lock.j
son as the root 
directory.
 To silence this 
warning, set 
`turbopack.root` in 
your Next.js config, 
or consider removing 
one of the lockfiles 
if it's not needed.
   See https://nextjs.o
rg/docs/app/api-referen
ce/config/next-config-j
s/turbopack#root-direct
ory for more 
information.
 Detected additional 
lockfiles: 
   * C:\Users\sanka\Des
ktop\smartutor\package-
lock.json

   Γû▓ Next.js 16.0.0 (Turbopack)
   - Environments: .env.local
   - Experiments (use with caution):
     ? serverComponentsExternalPackages (invalid experimental key)

   Creating an optimized production build ...
[baseline-browser-mappi
ng] The data in this 
module is over two 
months old.  To ensure 
accurate Baseline 
data, please update: 
`npm i baseline-browser
-mapping@latest -D`
Error: Cannot apply 
unknown utility class 
`bg-bg-main`
    [2m[at 
onInvalidCandidate (C:\
Users\sanka\Desktop\sma
rtutor\node_modules\tai
lwindcss\dist\lib.js:21
:1511)][0m
    [2m[at Ve (C:\User
s\sanka\Desktop\smartut
or\node_modules\tailwin
dcss\dist\lib.js:16:316
67)][0m
    [2m[at C:\Users\sa
nka\Desktop\smartutor\n
ode_modules\tailwindcss
\dist\lib.js:21:355][0
m
    [2m[at xr (C:\User
s\sanka\Desktop\smartut
or\node_modules\tailwin
dcss\dist\lib.js:3:1718
)][0m
    [2m[at P (C:\Users
\sanka\Desktop\smartuto
r\node_modules\tailwind
css\dist\lib.js:3:1377)
][0m
    [2m[at $e (C:\User
s\sanka\Desktop\smartut
or\node_modules\tailwin
dcss\dist\lib.js:21:172
)][0m
    [2m[at Fi (C:\User
s\sanka\Desktop\smartut
or\node_modules\tailwin
dcss\dist\lib.js:38:294
)][0m
    [2m[at async Wi (C
:\Users\sanka\Desktop\s
martutor\node_modules\t
ailwindcss\dist\lib.js:
38:631)][0m
    [2m[at async $n (C
:\Users\sanka\Desktop\s
martutor\node_modules\@
tailwindcss\node\dist\i
ndex.js:18:3386)][0m
    [2m[at async d (C:
\Users\sanka\Desktop\sm
artutor\node_modules\@t
ailwindcss\postcss\dist
\index.js:18:3985)][0m

> Build error occurred
Error: Turbopack build 
failed with 1 errors:
./Desktop/smartutor/app
/globals.css
Error evaluating 
Node.js code
CssSyntaxError: 
tailwindcss: C:\Users\s
anka\Desktop\smartutor\
app\globals.css:1:1: 
Cannot apply unknown 
utility class 
`bg-bg-main`
    at Input.error (Des
ktop/smartutor/node_mod
ules/postcss/lib/input.
js:135:16) [C:\Users\sa
nka\Desktop\smartutor\.
next\build\chunks\e2d83
_45a46bd8._.js:4651:22]
    at Root.error (Desk
top/smartutor/node_modu
les/postcss/lib/node.js
:146:32) [C:\Users\sank
a\Desktop\smartutor\.ne
xt\build\chunks\e2d83_4
5a46bd8._.js:928:38]
    [at Object.Once (C:
\Users\sanka\Desktop\sm
artutor\node_modules\@t
ailwindcss\postcss\dist
\index.js:18:6915)]
    at async 
LazyResult.runAsync (De
sktop/smartutor/node_mo
dules/postcss/lib/lazy-
result.js:293:11) [C:\U
sers\sanka\Desktop\smar
tutor\.next\build\chunk
s\e2d83_45a46bd8._.js:6
206:21]
    at async transform 
(turbopack:///[turbopac
k-node]/transforms/post
css.ts:70:34) [C:\Users
\sanka\Desktop\smartuto
r\.next\build\chunks\[r
oot-of-the-server]__858
33dcb._.js:146:36]
    at async run (turbo
pack:///[turbopack-node
]/ipc/evaluate.ts:92:23
) [C:\Users\sanka\Deskt
op\smartutor\.next\buil
d\chunks\[root-of-the-s
erver]__b20fa2ad._.js:4
43:31]

Import trace:
  Client Component 
Browser:
    ./Desktop/smartutor
/app/globals.css 
[Client Component 
Browser]
    ./Desktop/smartutor
/app/layout.tsx 
[Server Component]


    at async transform 
(turbopack:///[turbopac
k-node]/transforms/post
css.ts:70:34) [C:\Users
\sanka\Desktop\smartuto
r\.next\build\chunks\[r
oot-of-the-server]__858
33dcb._.js:146:36])
    at async run (turbo
pack:///[turbopack-node
]/ipc/evaluate.ts:92:23
) [C:\Users\sanka\Deskt
op\smartutor\.next\buil
d\chunks\[root-of-the-s
erver]__b20fa2ad._.js:4
43:31])
